// Jest Snapshot v1, https://goo.gl/fbAQLP

exports[`#sheetArrayToObjectXf should transform periods data array into object 1`] = `
Object {
  "periods": Object {
    "2016/17": Object {
      "items": Object {
        "Section #1": Array [
          2,
          4,
          6,
          8,
          10,
        ],
        "Section #2": Array [
          1,
          3,
          5,
          7,
          9,
        ],
      },
    },
    "2017/18": Object {
      "items": Object {
        "Section #1": Array [
          2.1,
          4.1,
          1.6,
          1.8,
          1,
        ],
        "Section #2": Array [
          1.1,
          3.1,
          1.5,
          1.7,
          1.9,
        ],
      },
    },
  },
  "slug": "heading",
  "title": "Heading",
}
`;
